============================= test session starts =============================
platform win32 -- Python 3.12.8, pytest-9.0.2, pluggy-1.5.0 -- C:\Users\422in\miniconda3\python.exe
cachedir: .pytest_cache
rootdir: D:\Antigravity\Kea
configfile: pytest.ini (WARNING: ignoring pytest config in pyproject.toml!)
plugins: anyio-4.12.1, asyncio-1.3.0, cov-7.0.0
asyncio: mode=Mode.AUTO, debug=False, asyncio_default_fixture_loop_scope=None, asyncio_default_test_loop_scope=function
collecting ... collected 789 items / 3 errors

=================================== ERRORS ====================================
_______________ ERROR collecting tests/unit/test_jit_loader.py ________________
ImportError while importing test module 'D:\Antigravity\Kea\tests\unit\test_jit_loader.py'.
Hint: make sure your test modules/packages have valid Python names.
Traceback:
C:\Users\422in\miniconda3\Lib\importlib\__init__.py:90: in import_module
    return _bootstrap._gcd_import(name[level:], package, level)
           ^^^^^^^^^^^^^^^^^^^^^^^^^^^^^^^^^^^^^^^^^^^^^^^^^^^^
tests\unit\test_jit_loader.py:11: in <module>
    from shared.tools.jit_loader import (
shared\tools\__init__.py:7: in <module>
    from .jit_loader import (
shared\tools\jit_loader.py:17: in <module>
    import yaml
E   ModuleNotFoundError: No module named 'yaml'
_____________ ERROR collecting tests/unit/test_logging_context.py _____________
ImportError while importing test module 'D:\Antigravity\Kea\tests\unit\test_logging_context.py'.
Hint: make sure your test modules/packages have valid Python names.
Traceback:
C:\Users\422in\miniconda3\Lib\importlib\__init__.py:90: in import_module
    return _bootstrap._gcd_import(name[level:], package, level)
           ^^^^^^^^^^^^^^^^^^^^^^^^^^^^^^^^^^^^^^^^^^^^^^^^^^^^
tests\unit\test_logging_context.py:10: in <module>
    from shared.logging.middleware import (
shared\logging\middleware.py:19: in <module>
    from shared.logging.metrics import record_api_request
shared\logging\metrics.py:9: in <module>
    from prometheus_client import Counter, Histogram, Gauge, Info
E   ModuleNotFoundError: No module named 'prometheus_client'
_____________ ERROR collecting tests/unit/test_tracing_metrics.py _____________
ImportError while importing test module 'D:\Antigravity\Kea\tests\unit\test_tracing_metrics.py'.
Hint: make sure your test modules/packages have valid Python names.
Traceback:
C:\Users\422in\miniconda3\Lib\importlib\__init__.py:90: in import_module
    return _bootstrap._gcd_import(name[level:], package, level)
           ^^^^^^^^^^^^^^^^^^^^^^^^^^^^^^^^^^^^^^^^^^^^^^^^^^^^
tests\unit\test_tracing_metrics.py:18: in <module>
    from shared.logging.business_metrics import (
shared\logging\business_metrics.py:9: in <module>
    from prometheus_client import Counter, Histogram, Gauge, Info
E   ModuleNotFoundError: No module named 'prometheus_client'
=========================== short test summary info ===========================
ERROR tests/unit/test_jit_loader.py
ERROR tests/unit/test_logging_context.py
ERROR tests/unit/test_tracing_metrics.py
!!!!!!!!!!!!!!!!!!! Interrupted: 3 errors during collection !!!!!!!!!!!!!!!!!!!
============================== 3 errors in 0.92s ==============================
